V0.0 (first version!!)
had systems such as:
- windows
- notifications
- suggestions

includes features such as:
- fly, walk, jump, tp
- wallhecks, fling
- baseplate, grappler
- lighting manipulation
- sticky notes XD

V0.1
minor bug fixes like:
- fling going in front of players
- I FORGOT THE OTHER ONE >:(
- ima terrible changelogger XD

V0.2
cool stuff:
- added changelog system :D
- & also did it up with the repo so it can auto update

little things:
- made entity highlights better
- fling kinda goes where the player will be
- made the player autofill nicer